=== RUN   TestDateSelectedCompletionUsesFinalResponsibility
=== RUN   TestDateSelectedCompletionUsesFinalResponsibility/accepted_by_other
=== RUN   TestDateSelectedCompletionUsesFinalResponsibility/response_required
=== RUN   TestDateSelectedCompletionUsesFinalResponsibility/accepted_recipient
=== RUN   TestDateSelectedCompletionUsesFinalResponsibility/source_responsibility_is_not_target_responsibility
--- PASS: TestDateSelectedCompletionUsesFinalResponsibility (1.18s)
    --- PASS: TestDateSelectedCompletionUsesFinalResponsibility/accepted_by_other (0.32s)
    --- PASS: TestDateSelectedCompletionUsesFinalResponsibility/response_required (0.28s)
    --- PASS: TestDateSelectedCompletionUsesFinalResponsibility/accepted_recipient (0.30s)
    --- PASS: TestDateSelectedCompletionUsesFinalResponsibility/source_responsibility_is_not_target_responsibility (0.28s)
=== RUN   TestDateSelectedCompletionNotificationIdentifiesFinalOccurrence
--- PASS: TestDateSelectedCompletionNotificationIdentifiesFinalOccurrence (0.39s)
=== RUN   TestReciprocalDateBackfillsDoNotDeadlock
--- PASS: TestReciprocalDateBackfillsDoNotDeadlock (6.31s)
=== RUN   TestPublicCareCardPreservesCompletionAndSnapshot
--- PASS: TestPublicCareCardPreservesCompletionAndSnapshot (0.28s)
PASS
ok  	github.com/joinplanet/planet-api/test/integration	9.050s
TAP version 13
# Subtest: public snapshot renders completed, skipped and pending facts distinctly
ok 1 - public snapshot renders completed, skipped and pending facts distinctly
  ---
  duration_ms: 28.642208
  type: 'test'
  ...
# Subtest: legacy done snapshots still show completion
ok 2 - legacy done snapshots still show completion
  ---
  duration_ms: 0.883834
  type: 'test'
  ...
# Subtest: expired and unavailable links explain the next action
ok 3 - expired and unavailable links explain the next action
  ---
  duration_ms: 0.418875
  type: 'test'
  ...
# Subtest: real Go API snapshot renders its actual completion and adjusted time
ok 4 - real Go API snapshot renders its actual completion and adjusted time
  ---
  duration_ms: 0.745667
  type: 'test'
  ...
1..4
# tests 4
# suites 0
# pass 4
# fail 0
# cancelled 0
# skipped 0
# todo 0
# duration_ms 286.222458
