TAP version 13
# Subtest: overdue starts at the family midnight, including DST and opposing device dates
ok 1 - overdue starts at the family midnight, including DST and opposing device dates
  ---
  duration_ms: 35.297583
  type: 'test'
  ...
# Subtest: accepted responsibility limits execution and focus to the recipient; withdrawal restores participation
ok 2 - accepted responsibility limits execution and focus to the recipient; withdrawal restores participation
  ---
  duration_ms: 0.906667
  type: 'test'
  ...
# Subtest: completion/undo and remote writes invalidate all changed facts without rebroadcast loops
ok 3 - completion/undo and remote writes invalidate all changed facts without rebroadcast loops
  ---
  duration_ms: 8.907791
  type: 'test'
  ...
1..3
# tests 3
# suites 0
# pass 3
# fail 0
# cancelled 0
# skipped 0
# todo 0
# duration_ms 318.601667
